// Jest Snapshot v1, https://goo.gl/fbAQLP

exports[`matches snapshot 1`] = `
<section>
  <div
    className=""
  >
    <Dice
      dice={
        Array [
          6,
          6,
          6,
          6,
          6,
        ]
      }
      locked={
        Array [
          false,
          false,
          false,
          false,
          false,
        ]
      }
      toggleLocked={[Function]}
    />
  </div>
  <button
    className="Game-reroll"
    disabled={false}
    onClick={[Function]}
  >
    2
     Rerolls Left
  </button>
  <ScoreTable
    diceRolling={false}
    doScore={[Function]}
    scores={
      Object {
        "chance": undefined,
        "fives": undefined,
        "fourOfKind": undefined,
        "fours": undefined,
        "fullHouse": undefined,
        "largeStraight": undefined,
        "ones": undefined,
        "sixes": undefined,
        "smallStraight": undefined,
        "threeOfKind": undefined,
        "threes": undefined,
        "twos": undefined,
        "yahtzee": undefined,
      }
    }
  />
</section>
`;
